

exports[`renders a snapshot 1`] = `
<div
  className="card"
>
  <div
    className="card"
    style={
      Object {
        "width": "18rem",
      }
    }
  >
    <img
      className="card-img-top"
      src="potato.jpg"
    />
    <div
      className="card-body"
    >
      <div
        className="card-title h5"
      >
       Amanda
      </div>
      <p
        className="card-text"
      >
       I dont know.
      </p>
    </div>
  </div>
</div>
`;